#-----------------------------------------------------------
# Vivado v2016.3 (64-bit)
# SW Build 1682563 on Mon Oct 10 19:07:27 MDT 2016
# IP Build 1681267 on Mon Oct 10 21:28:31 MDT 2016
# Start of session at: Wed Nov 30 13:37:33 2016
# Process ID: 8716
# Current directory: C:/Users/Ben/Google Drive/Digipen/Junior/ECE310L/ProjectDaltonismo/Daltonismo
# Command line: vivado.exe -gui_launcher_event rodinguilauncherevent2384 C:\Users\Ben\Google Drive\Digipen\Junior\ECE310L\ProjectDaltonismo\Daltonismo\Daltonismo.xpr
# Log file: C:/Users/Ben/Google Drive/Digipen/Junior/ECE310L/ProjectDaltonismo/Daltonismo/vivado.log
# Journal file: C:/Users/Ben/Google Drive/Digipen/Junior/ECE310L/ProjectDaltonismo/Daltonismo\vivado.jou
#-----------------------------------------------------------
start_gui
open_project {C:/Users/Ben/Google Drive/Digipen/Junior/ECE310L/ProjectDaltonismo/Daltonismo/Daltonismo.xpr}
launch_runs impl_1 -to_step write_bitstream
wait_on_run impl_1
open_hw
connect_hw_server
open_hw_target
set_property PROGRAM.FILE {C:/Users/Ben/Google Drive/Digipen/Junior/ECE310L/ProjectDaltonismo/Daltonismo/Daltonismo.runs/impl_1/top_module.bit} [lindex [get_hw_devices xc7a200t_0] 0]
current_hw_device [lindex [get_hw_devices xc7a200t_0] 0]
refresh_hw_device -update_hw_probes false [lindex [get_hw_devices xc7a200t_0] 0]
set_property PROBES.FILE {} [lindex [get_hw_devices xc7a200t_0] 0]
set_property PROGRAM.FILE {C:/Users/Ben/Google Drive/Digipen/Junior/ECE310L/ProjectDaltonismo/Daltonismo/Daltonismo.runs/impl_1/top_module.bit} [lindex [get_hw_devices xc7a200t_0] 0]
program_hw_devices [lindex [get_hw_devices xc7a200t_0] 0]
refresh_hw_device [lindex [get_hw_devices xc7a200t_0] 0]
open_run synth_1 -name synth_1
